// Jest Snapshot v1, https://goo.gl/fbAQLP

exports[`should render App component without crashing 1`] = `
<div>
  Hello World
</div>
`;
